[www.medcorder.com/index.html]
[backblue.gif]
[fade.gif]
[index.html]
[assets.website-files.com/5ce2ef9ce57aeb64f4784513/css/medcorder.485f494ac.css]
[ajax.googleapis.com/ajax/libs/webfont/1.6.26/webfont.js]
[assets.website-files.com/5ce2ef9ce57aeb64f4784513/5e1cf66bc30fd315839695ca_orangeMedcorder32.png]
[assets.website-files.com/5ce2ef9ce57aeb64f4784513/5e1cf63b377013bf596b411a_orangeMedcorder256b.png]
[static.medcorder.com/apple-touch-icon.png]
[static.medcorder.com/favicon-32x32.png]
[static.medcorder.com/favicon-16x16.png]
[www.medcorder.com/blog/your-next-doctors-visit-is-remote-now-what.html]
[www.medcorder.com/providers.html]
[www.medcorder.com/faqs.html]
[www.medcorder.com/about.html]
[www.medcorder.com/blog.html]
[assets.website-files.com/5ce2ef9ce57aeb64f4784513/5e696364d90bb267c1d6c209_home_1@2x.png]
[assets.website-files.com/5ce2ef9ce57aeb64f4784513/5d281d30180ea91c0c9c74d0_kimkomando-logo.png]
[assets.website-files.com/5ce2ef9ce57aeb64f4784513/5eb35274390f554d87371349_reviewGeek.png]
[assets.website-files.com/5ce2ef9ce57aeb64f4784513/5eb35320fa63c891e6a153ad_knowTechie.png]
[assets.website-files.com/5ce2ef9ce57aeb64f4784513/5eb34e14f4b01d50905426b0_arrow_purple_left@3x.png]
[assets.website-files.com/5ce2ef9ce57aeb64f4784513/5eb34cd36a6e84c81dec3227_arrow_purple@3x.png]
[assets.website-files.com/5ce2ef9ce57aeb64f4784513/5e696364093c3417d863668e_home_2@2x.png]
[assets.website-files.com/5ce2ef9ce57aeb64f4784513/5eed5bd8b22d8318acca0be0_home_3@2x.png]
[assets.website-files.com/5ce2ef9ce57aeb64f4784513/5efcf970a302327c6d0cbf1d_quote@2x.png]
[assets.website-files.com/5ce2ef9ce57aeb64f4784513/5efcd19be533efa86fcc0304_arrow_white_left@2x.png]
[assets.website-files.com/5ce2ef9ce57aeb64f4784513/5efcd19c36b6a3efccd1391f_arrow_white_right@2x.png]
[assets.website-files.com/5ce2ef9ce57aeb64f4784513/5db850f2958ed21d8493e097_fc.jpg]
[www.medcorder.com/index.html]
[assets.website-files.com/5ce2ef9ce57aeb64f4784513/js/medcorder.efe171ab8.js]
[d3e54v103j8qbb.cloudfront.net/js/jquery-3.5.1.min.dc5e7f18c85809.js]
[assets.website-files.com/5ce2ef9ce57aeb64f4784513/5f5031a257e8221ef6179307_API Illustration@2x.png]
[assets.website-files.com/5ce2ef9ce57aeb64f4784513/5cf0e5862daaea73766a1974_video-front.jpg]
[assets.website-files.com/5ce2ef9ce57aeb64f4784513/5ced2131380226711e613ff3_mockup-app.png]
[assets.website-files.com/5ce2ef9ce57aeb64f4784513/5d09d385a494e735bc0885df_benefits-1.jpg]
[assets.website-files.com/5ce2ef9ce57aeb64f4784513/5d09d38b3d6e1c39a0a96302_benefits-2.jpg]
[assets.website-files.com/5ce2ef9ce57aeb64f4784513/5ed017c3a83e833e4e701dae_3.3 wide.png]
[assets.website-files.com/5ce2ef9ce57aeb64f4784513/5db7ec2d2e950fce8c07442f_p-about-business.jpg]
[assets.website-files.com/5ce2ef9ce57aeb64f4784513/5db7fe9afce786f30e9b455b_p-subscribe.png]
[assets.website-files.com/5ce2ef9ce57aeb64f4784513/5db83e331c7c3b45023572e1_fp-1.jpg]
[assets.website-files.com/5ce2ef9ce57aeb64f4784513/5db83e374aa1ad1c1cc9738d_fp-2.jpg]
[assets.website-files.com/5ce2ef9ce57aeb64f4784513/5db83e394aa1adf8afc97393_fp-3.jpg]
[assets.website-files.com/5ce2ef9ce57aeb64f4784513/5db83e3c7863b17190aac10e_fp-4.jpg]
[assets.website-files.com/5ce2ef9ce57aeb64f4784513/5db83e3fefbf4a4f46099f9f_fp-5.jpg]
[assets.website-files.com/5ce2ef9ce57aeb64f4784513/5e7a83f6970a063fa0f7ab1b_arrow@3x.png]
[assets.website-files.com/5ce2ef9ce57aeb64f4784513/5ef5339d981c13527a8476d6_home_1.2@2x.png]
[assets.website-files.com/5ce2ef9ce57aeb64f4784513/5f503480ec19131f92daa3d7_API Illustration@2x.png]
[assets.website-files.com/5ce2ef9ce57aeb64f4784513/css/medcorder.485f494ac.css]
[assets.website-files.com/5ce2ef9ce57aeb64f4784513/5e795b11be8e448fd01f9aef_logo_dark_horiz@2x.png]
[assets.website-files.com/5d09e46f06d04c2499126fd2/5f7baf6012833cc9d0437054_Phone_grid_sm.png]
[www.medcorder.com/blog/medcorder-ucsf-begin-mencore-feasibility-clinical-trial-to-help-prostate-cancer-patients-with-medical-consult-recordings.html]
[assets.website-files.com/5d09e46f06d04c2499126fd2/5ed01ced695b557f5192aa0b_3.3.png]
[www.medcorder.com/blog/medcorder-updates-new-telemedicine-features-improved-audio-technology.html]
[assets.website-files.com/5d09e46f06d04c2499126fd2/5ed16067241604264e4aec9a_mockup-of-a-girl-sitting-on-a-couch-using-her-iphone-xs-25355.png]
[www.medcorder.com/blog/your-next-doctors-visit-is-remote-now-what.html]
[assets.website-files.com/5ce2ef9ce57aeb64f4784513/5d035b7d93cf985f73738fa8_for-providers.jpg]
[assets.website-files.com/5ce2ef9ce57aeb64f4784513/6036b6cff92405d4e6e69dc5_Dr. Kraft@2x.jpg]
[assets.website-files.com/5ce2ef9ce57aeb64f4784513/6036b6ec87b1fc242dcf960f_Dr. P@2x.jpg]
[assets.website-files.com/5ce2ef9ce57aeb64f4784513/5d16067b14f91118896ac7b7_baker-hamilton.jpg]
[assets.website-files.com/5ce2ef9ce57aeb64f4784513/5d0a2bc71cdf4371e9a34886_geoffrey-rutledge.jpg]
[assets.website-files.com/5ce2ef9ce57aeb64f4784513/5d10bfae778c1f79ef80ae5f_john-durant-2.jpg]
[assets.website-files.com/5ce2ef9ce57aeb64f4784513/5e696a020f5a6005a19e2f0a_dan_gardner@3x.jpg]
[www.medcorder.com/providers.html]
[assets.website-files.com/5ce2ef9ce57aeb64f4784513/5efa4a7ccfae0b61caf7eebd_Guide_ios@2x.png]
[assets.website-files.com/5ce2ef9ce57aeb64f4784513/5efa4a7c4416ea6ec39c13e5_Guide_android@2x.png]
[www.medcorder.com/blog/five-reasons-physicians-should-encourage-recording-doctors-visits.html]
[assets.website-files.com/5d09e46f06d04c2499126fd2/5f7bb4a5683ff1d5965206f2_Phone_grid.png]
[assets.website-files.com/5d09e46f06d04c2499126fd2/5edafad9800a23a2bb68d0ae_Depositphotos_98055996_xl-2015_sm.jpg]
[www.medcorder.com/faqs.html]
[assets.website-files.com/5ce2ef9ce57aeb64f4784513/5db8040324ac078c2365e6ec_david-w.jpg]
[assets.website-files.com/5ce2ef9ce57aeb64f4784513/5db8040afce786b2849b827e_anna-w.jpg]
[assets.website-files.com/5ce2ef9ce57aeb64f4784513/5db8041324ac07929f65e72d_dustin-d.jpg]
[assets.website-files.com/5ce2ef9ce57aeb64f4784513/5db8041f6c50c22e59a819f9_milan-s.jpg]
[assets.website-files.com/5ce2ef9ce57aeb64f4784513/5db804176c50c2232da819ed_dzmitry-k.jpg]
[assets.website-files.com/5ce2ef9ce57aeb64f4784513/6036ab6315bbbc17cecdf01f_Jullina.png]
[assets.website-files.com/5ce2ef9ce57aeb64f4784513/5db80423411dd93c5df5482b_sariah-s.jpg]
[assets.website-files.com/5ce2ef9ce57aeb64f4784513/5e6ffc3d08830f7efbf19078_SeanLyon@3x.png]
[www.medcorder.com/about.html]
[www.medcorder.com/blog/we-need-to-help-families-coordinate-care-in-emergencies.html]
[assets.website-files.com/5d09e46f06d04c2499126fd2/5eb9cf35166d7e087e22bbf3_Depositphotos_92699938_sm-2015.jpg]
[assets.website-files.com/5d09e46f06d04c2499126fd2/5eb9bfe808bbb125bb181dc1_mockup-of-a-woman-using-a-rose-gold-iphone-sitting-on-a-sofa-a21283.png]
[www.medcorder.com/blog/i-fell-off-a-horse-one-patients-experiences-with-recording-doctor-appointments.html]
[assets.website-files.com/5d09e46f06d04c2499126fd2/5e9997ef5101bd7c4ba7ace8_horse1-f.jpg]
[assets.website-files.com/5d09e46f06d04c2499126fd2/5e8e5ad0ec7ddc29cce631c3_girl-working-at-a-table-with-macbook-and-iphone (2) copy.jpg]
[www.medcorder.com/blog/how-to-use-our-new-appointment-features-to-prepare-for-consultations.html]
[assets.website-files.com/5d09e46f06d04c2499126fd2/5e84dab28d1ca684a03fc54a_mockup-of-an-iphone-11-pro-on-an-elegant-office-desk-2122-el1 (1).png]
[assets.website-files.com/5d09e46f06d04c2499126fd2/5e793a70e5820789ee8eb789_white-iphone-mockup-lying-on-a-doctor-s-office-desk-1920.png]
[assets.website-files.com/5d09e46f06d04c2499126fd2/5e6b8f679bbe262f3a01affd_Screen Shot 2020-03-13 at 2.48.44 PM.png]
[assets.website-files.com/5d09e46f06d04c2499126fd2/5e5d1ab69042194abb80fb72_Doctor-Office-5-2.jpg]
[www.medcorder.com/blog/a-ucsd-doctors-perspective-on-medcorder.html]
[assets.website-files.com/5d09e46f06d04c2499126fd2/5d4bf72171ecaf4fbbb28313_Screen Shot 2019-08-08 at 12.18.52 PM.png]
[assets.website-files.com/5d09e46f06d04c2499126fd2/5d2f42dd44c1f9720a826eed_Screen Shot 2019-07-17 at 5.46.15 PM.png]
[www.medcorder.com/author/david.html]
[assets.website-files.com/5d09e46f06d04c2499126fd2/5d09f2ea88760738c25d62ff_0_LXYt_3I4q542hsP7.png]
[assets.website-files.com/5d09e46f06d04c2499126fd2/5d0a421117472e706fb603f1_51444086_10104468046510773_6615715529652961280_n--1--3.jpg]
[www.medcorder.com/blog.html]
[www.medcorder.com/terms.html]
[www.medcorder.com/blog/medcorder-ucsf-begin-mencore-feasibility-clinical-trial-to-help-prostate-cancer-patients-with-medical-consult-recordings.html]
[assets.website-files.com/5d09e46f06d04c2499126fd2/5edaee682cbafc31dd9b8d68_woman-using-iphone-6-and-ipad-mini-mockup-generator_1380.png]
[assets.website-files.com/5d09e46f06d04c2499126fd2/5edae182bd5e201dbc7463f7_bngP1G21vKUJYhrqTD32aEclAqoZPO06L4q0bq6ILQznf6q6Owtago2PDnBsuSXYtY7aRqf8iSNoq7UyR860t1zac5O-wk-7EuoKbryi454gkPBnqzBMlMlvUbdFNBj7fIBfgVf]
[assets.website-files.com/5d09e46f06d04c2499126fd2/5edae18155b72cddb420dbd4_17mgjcgQ1ZzD-EtzbHdbWoTgtgCjyLGZcncv7c3xhx9Yv0txlmsP9ple4Tw5YPrtLUe7cNFVXh3oBXQ7t43nO6liTy1ox0dH-trUMO2YHzWEjoeMvvWYF0n1kixGec0pkwdZ0DK]
[assets.website-files.com/5d09e46f06d04c2499126fd2/5edae182a64212ff4ed6f45a__nDARnMKMWdK_fMb7-bRy17zC4mBbkXl5elnZjFlcA_yIiC_wZsVxZZKQvaiK-nkZqFqIkSQ8Jv5G6fhbFyb5cNqrMyaZHMRu00SkxQIATigA8JlE9-h8dKxBP7HfOoD816tlKT]
[assets.website-files.com/5d09e46f06d04c2499126fd2/5edae181a642121bddd6f459_CmLeYNBadNNBjVLgrR9kfTqYYAM7LVVLWcVnXb8t1P6MhQjAhIE8eiH51IuPfeNHImpLR19cWgoKwuyqyuhRlRyqvA6F3RYlg0aJChjHIh2vh656MD-S8WcxbRobSPkanuP_YW2]
[assets.website-files.com/5d09e46f06d04c2499126fd2/5edaf6d3a64212580cd74032_Frame 5.png]
[www.medcorder.com/blog/medcorder-updates-new-telemedicine-features-improved-audio-technology.html]
[assets.website-files.com/5d09e46f06d04c2499126fd2/5e5d19a248349487b3891cb3_Man_Dr_app-600.png]
[www.medcorder.com/blog/five-reasons-physicians-should-encourage-recording-doctors-visits.html]
[www.medcorder.com/blog/we-need-to-help-families-coordinate-care-in-emergencies.html]
[www.medcorder.com/blog/i-fell-off-a-horse-one-patients-experiences-with-recording-doctor-appointments.html]
[www.medcorder.com/blog/how-to-use-our-new-appointment-features-to-prepare-for-consultations.html]
[www.medcorder.com/blog/a-ucsd-doctors-perspective-on-medcorder.html]
[www.medcorder.com/author/david.html]
[www.medcorder.com/terms.html]
[www.medcorder.com/privacy.html]
[www.medcorder.com/blog/_https_/assets.website-files.com/5d09e46f06d04c2499126fd2/5e8e5ad0ec7ddc29cce631c3_girl-working-at-a-table-with-macbook-and-iphone (2.html]
[www.medcorder.com/blog/medcorder-stories-staying-connected-even-when-distanced.html]
[www.medcorder.com/blog/my-brothers-stroke-a-medcorder-testimonial.html]
[www.medcorder.com/blog/how-to-take-control-of-your-medical-history.html]
[www.medcorder.com/blog/make-the-most-from-every-moment-with-your-physician.html]
[www.medcorder.com/blog/medcorder-wins-audience-choice-award-at-publicis-healthfront2019.html]
[www.medcorder.com/blog/medcorder-secures-seed-funding.html]
[www.medcorder.com/blog/why-i-built-medcorder.html]
[www.medcorder.com/blog/_https_/assets.website-files.com/5d09e46f06d04c2499126fd2/5f7bb4a5683ff1d5965206f2_Phone_grid.html]
[www.medcorder.com/blog/_https_/assets.website-files.com/5d09e46f06d04c2499126fd2/5edafad9800a23a2bb68d0ae_Depositphotos_98055996_xl-2015_sm.html]
[www.medcorder.com/blog/_https_/assets.website-files.com/5d09e46f06d04c2499126fd2/5e5d1ab69042194abb80fb72_Doctor-Office-5-2.html]
[www.medcorder.com/blog/_https_/assets.website-files.com/5d09e46f06d04c2499126fd2/5eb9cf35166d7e087e22bbf3_Depositphotos_92699938_sm-2015.html]
[www.medcorder.com/blog/_https_/assets.website-files.com/5d09e46f06d04c2499126fd2/5e9997ef5101bd7c4ba7ace8_horse1-f.html]
[www.medcorder.com/blog/_https_/assets.website-files.com/5d09e46f06d04c2499126fd2/5e84dab28d1ca684a03fc54a_mockup-of-an-iphone-11-pro-on-an-elegant-office-desk-2122-el1 (1.html]
[www.medcorder.com/blog/_https_/assets.website-files.com/5d09e46f06d04c2499126fd2/5d4bf72171ecaf4fbbb28313_Screen Shot 2019-08-08 at 12.18.52 PM.html]
[www.medcorder.com/author/_https_/assets.website-files.com/5d09e46f06d04c2499126fd2/5d0b59962ab90cd670f34b80_52033795_10104468063536653_2735966499096231936_o-2.html]
[www.medcorder.com/author/_https_/assets.website-files.com/5d09e46f06d04c2499126fd2/5d0a405817472e8c3fb5fe12_480e505d19b9e341e5c949d90b44974a.html]
